{
  "Entries": [
    {
      "RequestUri": "/db1ab6f0-4769-4b27-930e-01e2ef9c123c/services/WATM/profiles",
      "RequestMethod": "GET",
      "RequestBody": "",
      "RequestHeaders": {
        "x-ms-version": [
          "2011-10-01"
        ],
        "User-Agent": [
          "Microsoft.WindowsAzure.Management.TrafficManager.TrafficManagerManagementClient/0.9.0.0",
          "WindowsAzurePowershell/v0.8.1"
        ]
      },
      "ResponseBody": "<Profiles xmlns=\"http://schemas.microsoft.com/windowsazure\" xmlns:i=\"http://www.w3.org/2001/XMLSchema-instance\">\r\n  <Profile>\r\n    <DomainName>scenarioTestProfile.trafficmanager.net</DomainName>\r\n    <Name>scenarioTestProfile</Name>\r\n    <Status>Enabled</Status>\r\n    <StatusDetails>\r\n      <EnabledVersion>1</EnabledVersion>\r\n    </StatusDetails>\r\n    <Definitions>\r\n      <Definition>\r\n        <Status>Enabled</Status>\r\n        <Version>1</Version>\r\n      </Definition>\r\n    </Definitions>\r\n  </Profile>\r\n</Profiles>",
      "ResponseHeaders": {
        "x-ms-servedbyregion": [
          "ussouth2"
        ],
        "X-Content-Type-Options": [
          "nosniff"
        ],
        "x-ms-request-id": [
          "7feba755f9cd9b74b44af502c0d0c72f"
        ],
        "Cache-Control": [
          "no-cache"
        ],
        "Date": [
          "Wed, 07 May 2014 12:30:20 GMT"
        ],
        "Server": [
          "1.0.6198.70",
          "(rd_rdfe_stable.140426-2318)",
          "Microsoft-HTTPAPI/2.0"
        ],
        "X-AspNet-Version": [
          "4.0.30319"
        ],
        "X-Powered-By": [
          "ASP.NET"
        ]
      },
      "StatusCode": 200
    },
    {
      "RequestUri": "/db1ab6f0-4769-4b27-930e-01e2ef9c123c/services/WATM/profiles/scenarioTestProfile",
      "RequestMethod": "DELETE",
      "RequestBody": "",
      "RequestHeaders": {
        "x-ms-version": [
          "2011-10-01"
        ],
        "User-Agent": [
          "Microsoft.WindowsAzure.Management.TrafficManager.TrafficManagerManagementClient/0.9.0.0",
          "WindowsAzurePowershell/v0.8.1"
        ]
      },
      "ResponseBody": "",
      "ResponseHeaders": {
        "Transfer-Encoding": [
          "chunked"
        ],
        "x-ms-servedbyregion": [
          "ussouth2"
        ],
        "X-Content-Type-Options": [
          "nosniff"
        ],
        "x-ms-request-id": [
          "04fde4e53494970f8a1ef3890b8d6945"
        ],
        "Cache-Control": [
          "no-cache"
        ],
        "Date": [
          "Wed, 07 May 2014 12:30:21 GMT"
        ],
        "Server": [
          "1.0.6198.70",
          "(rd_rdfe_stable.140426-2318)",
          "Microsoft-HTTPAPI/2.0"
        ],
        "X-AspNet-Version": [
          "4.0.30319"
        ],
        "X-Powered-By": [
          "ASP.NET"
        ]
      },
      "StatusCode": 200
    },
    {
      "RequestUri": "/db1ab6f0-4769-4b27-930e-01e2ef9c123c/services/WATM/profiles",
      "RequestMethod": "POST",
      "RequestBody": "<Profile xmlns=\"http://schemas.microsoft.com/windowsazure\">\r\n  <DomainName>scenarioTestProfile.trafficmanager.net</DomainName>\r\n  <Name>scenarioTestProfile</Name>\r\n</Profile>",
      "RequestHeaders": {
        "x-ms-version": [
          "2011-10-01"
        ],
        "User-Agent": [
          "Microsoft.WindowsAzure.Management.TrafficManager.TrafficManagerManagementClient/0.9.0.0",
          "WindowsAzurePowershell/v0.8.1"
        ]
      },
      "ResponseBody": "",
      "ResponseHeaders": {
        "Transfer-Encoding": [
          "chunked"
        ],
        "x-ms-servedbyregion": [
          "ussouth2"
        ],
        "X-Content-Type-Options": [
          "nosniff"
        ],
        "x-ms-request-id": [
          "c42faa785c0b94a5b4a8a625b2dbd54c"
        ],
        "Cache-Control": [
          "no-cache"
        ],
        "Date": [
          "Wed, 07 May 2014 12:30:23 GMT"
        ],
        "Server": [
          "1.0.6198.70",
          "(rd_rdfe_stable.140426-2318)",
          "Microsoft-HTTPAPI/2.0"
        ],
        "X-AspNet-Version": [
          "4.0.30319"
        ],
        "X-Powered-By": [
          "ASP.NET"
        ]
      },
      "StatusCode": 200
    },
    {
      "RequestUri": "/db1ab6f0-4769-4b27-930e-01e2ef9c123c/services/WATM/profiles/scenarioTestProfile/definitions",
      "RequestMethod": "POST",
      "RequestBody": "<Definition xmlns=\"http://schemas.microsoft.com/windowsazure\">\r\n  <DnsOptions>\r\n    <TimeToLiveInSeconds>300</TimeToLiveInSeconds>\r\n  </DnsOptions>\r\n  <Monitors>\r\n    <Monitor>\r\n      <IntervalInSeconds>30</IntervalInSeconds>\r\n      <TimeoutInSeconds>10</TimeoutInSeconds>\r\n      <ToleratedNumberOfFailures>3</ToleratedNumberOfFailures>\r\n      <Protocol>HTTP</Protocol>\r\n      <Port>80</Port>\r\n      <HttpOptions>\r\n        <Verb>GET</Verb>\r\n        <RelativePath>/</RelativePath>\r\n        <ExpectedStatusCode>200</ExpectedStatusCode>\r\n      </HttpOptions>\r\n    </Monitor>\r\n  </Monitors>\r\n  <Policy>\r\n    <LoadBalancingMethod>RoundRobin</LoadBalancingMethod>\r\n    <Endpoints />\r\n  </Policy>\r\n</Definition>",
      "RequestHeaders": {
        "x-ms-version": [
          "2011-10-01"
        ],
        "User-Agent": [
          "Microsoft.WindowsAzure.Management.TrafficManager.TrafficManagerManagementClient/0.9.0.0",
          "WindowsAzurePowershell/v0.8.1"
        ]
      },
      "ResponseBody": "<Definition xmlns=\"http://schemas.microsoft.com/windowsazure\" xmlns:i=\"http://www.w3.org/2001/XMLSchema-instance\">\r\n  <Version>1</Version>\r\n</Definition>",
      "ResponseHeaders": {
        "x-ms-servedbyregion": [
          "ussouth2"
        ],
        "X-Content-Type-Options": [
          "nosniff"
        ],
        "x-ms-request-id": [
          "4648a8160cec9a3aa33db1c2c729cf9c"
        ],
        "Cache-Control": [
          "no-cache"
        ],
        "Date": [
          "Wed, 07 May 2014 12:30:24 GMT"
        ],
        "Server": [
          "1.0.6198.70",
          "(rd_rdfe_stable.140426-2318)",
          "Microsoft-HTTPAPI/2.0"
        ],
        "X-AspNet-Version": [
          "4.0.30319"
        ],
        "X-Powered-By": [
          "ASP.NET"
        ]
      },
      "StatusCode": 200
    },
    {
      "RequestUri": "/db1ab6f0-4769-4b27-930e-01e2ef9c123c/services/WATM/profiles/scenarioTestProfile/definitions",
      "RequestMethod": "POST",
      "RequestBody": "<Definition xmlns=\"http://schemas.microsoft.com/windowsazure\">\r\n  <DnsOptions>\r\n    <TimeToLiveInSeconds>300</TimeToLiveInSeconds>\r\n  </DnsOptions>\r\n  <Monitors>\r\n    <Monitor>\r\n      <IntervalInSeconds>30</IntervalInSeconds>\r\n      <TimeoutInSeconds>10</TimeoutInSeconds>\r\n      <ToleratedNumberOfFailures>3</ToleratedNumberOfFailures>\r\n      <Protocol>HTTP</Protocol>\r\n      <Port>80</Port>\r\n      <HttpOptions>\r\n        <Verb>GET</Verb>\r\n        <RelativePath>/</RelativePath>\r\n        <ExpectedStatusCode>200</ExpectedStatusCode>\r\n      </HttpOptions>\r\n    </Monitor>\r\n  </Monitors>\r\n  <Policy>\r\n    <LoadBalancingMethod>RoundRobin</LoadBalancingMethod>\r\n    <Endpoints>\r\n      <Endpoint>\r\n        <DomainName>www.microsoft.com</DomainName>\r\n        <Status>Enabled</Status>\r\n        <Type>Any</Type>\r\n        <Weight>0</Weight>\r\n      </Endpoint>\r\n    </Endpoints>\r\n  </Policy>\r\n</Definition>",
      "RequestHeaders": {
        "x-ms-version": [
          "2011-10-01"
        ],
        "User-Agent": [
          "Microsoft.WindowsAzure.Management.TrafficManager.TrafficManagerManagementClient/0.9.0.0",
          "WindowsAzurePowershell/v0.8.1"
        ]
      },
      "ResponseBody": "<Definition xmlns=\"http://schemas.microsoft.com/windowsazure\" xmlns:i=\"http://www.w3.org/2001/XMLSchema-instance\">\r\n  <Version>1</Version>\r\n</Definition>",
      "ResponseHeaders": {
        "x-ms-servedbyregion": [
          "ussouth2"
        ],
        "X-Content-Type-Options": [
          "nosniff"
        ],
        "x-ms-request-id": [
          "6a41a73e3f4c941d817888111127cb6f"
        ],
        "Cache-Control": [
          "no-cache"
        ],
        "Date": [
          "Wed, 07 May 2014 12:30:27 GMT"
        ],
        "Server": [
          "1.0.6198.70",
          "(rd_rdfe_stable.140426-2318)",
          "Microsoft-HTTPAPI/2.0"
        ],
        "X-AspNet-Version": [
          "4.0.30319"
        ],
        "X-Powered-By": [
          "ASP.NET"
        ]
      },
      "StatusCode": 200
    },
    {
      "RequestUri": "/db1ab6f0-4769-4b27-930e-01e2ef9c123c/services/WATM/profiles/scenarioTestProfile/definitions",
      "RequestMethod": "POST",
      "RequestBody": "<Definition xmlns=\"http://schemas.microsoft.com/windowsazure\">\r\n  <DnsOptions>\r\n    <TimeToLiveInSeconds>300</TimeToLiveInSeconds>\r\n  </DnsOptions>\r\n  <Monitors>\r\n    <Monitor>\r\n      <IntervalInSeconds>30</IntervalInSeconds>\r\n      <TimeoutInSeconds>10</TimeoutInSeconds>\r\n      <ToleratedNumberOfFailures>3</ToleratedNumberOfFailures>\r\n      <Protocol>HTTP</Protocol>\r\n      <Port>80</Port>\r\n      <HttpOptions>\r\n        <Verb>GET</Verb>\r\n        <RelativePath>/</RelativePath>\r\n        <ExpectedStatusCode>200</ExpectedStatusCode>\r\n      </HttpOptions>\r\n    </Monitor>\r\n  </Monitors>\r\n  <Policy>\r\n    <LoadBalancingMethod>RoundRobin</LoadBalancingMethod>\r\n    <Endpoints />\r\n  </Policy>\r\n</Definition>",
      "RequestHeaders": {
        "x-ms-version": [
          "2011-10-01"
        ],
        "User-Agent": [
          "Microsoft.WindowsAzure.Management.TrafficManager.TrafficManagerManagementClient/0.9.0.0",
          "WindowsAzurePowershell/v0.8.1"
        ]
      },
      "ResponseBody": "<Definition xmlns=\"http://schemas.microsoft.com/windowsazure\" xmlns:i=\"http://www.w3.org/2001/XMLSchema-instance\">\r\n  <Version>1</Version>\r\n</Definition>",
      "ResponseHeaders": {
        "x-ms-servedbyregion": [
          "ussouth2"
        ],
        "X-Content-Type-Options": [
          "nosniff"
        ],
        "x-ms-request-id": [
          "b518b42686f29c25a89e765a4be8ad84"
        ],
        "Cache-Control": [
          "no-cache"
        ],
        "Date": [
          "Wed, 07 May 2014 12:30:29 GMT"
        ],
        "Server": [
          "1.0.6198.70",
          "(rd_rdfe_stable.140426-2318)",
          "Microsoft-HTTPAPI/2.0"
        ],
        "X-AspNet-Version": [
          "4.0.30319"
        ],
        "X-Powered-By": [
          "ASP.NET"
        ]
      },
      "StatusCode": 200
    },
    {
      "RequestUri": "/db1ab6f0-4769-4b27-930e-01e2ef9c123c/services/WATM/profiles/scenarioTestProfile",
      "RequestMethod": "GET",
      "RequestBody": "",
      "RequestHeaders": {
        "x-ms-version": [
          "2011-10-01"
        ],
        "User-Agent": [
          "Microsoft.WindowsAzure.Management.TrafficManager.TrafficManagerManagementClient/0.9.0.0",
          "WindowsAzurePowershell/v0.8.1"
        ]
      },
      "ResponseBody": "<Profile xmlns=\"http://schemas.microsoft.com/windowsazure\" xmlns:i=\"http://www.w3.org/2001/XMLSchema-instance\">\r\n  <DomainName>scenarioTestProfile.trafficmanager.net</DomainName>\r\n  <Name>scenarioTestProfile</Name>\r\n  <Status>Enabled</Status>\r\n  <StatusDetails>\r\n    <EnabledVersion>1</EnabledVersion>\r\n  </StatusDetails>\r\n  <Definitions>\r\n    <Definition>\r\n      <Status>Enabled</Status>\r\n      <Version>1</Version>\r\n    </Definition>\r\n  </Definitions>\r\n</Profile>",
      "ResponseHeaders": {
        "x-ms-servedbyregion": [
          "ussouth2"
        ],
        "X-Content-Type-Options": [
          "nosniff"
        ],
        "x-ms-request-id": [
          "6a1698d5956b99acad19492c1294566b"
        ],
        "Cache-Control": [
          "no-cache"
        ],
        "Date": [
          "Wed, 07 May 2014 12:30:24 GMT"
        ],
        "Server": [
          "1.0.6198.70",
          "(rd_rdfe_stable.140426-2318)",
          "Microsoft-HTTPAPI/2.0"
        ],
        "X-AspNet-Version": [
          "4.0.30319"
        ],
        "X-Powered-By": [
          "ASP.NET"
        ]
      },
      "StatusCode": 200
    },
    {
      "RequestUri": "/db1ab6f0-4769-4b27-930e-01e2ef9c123c/services/WATM/profiles/scenarioTestProfile",
      "RequestMethod": "GET",
      "RequestBody": "",
      "RequestHeaders": {
        "x-ms-version": [
          "2011-10-01"
        ],
        "User-Agent": [
          "Microsoft.WindowsAzure.Management.TrafficManager.TrafficManagerManagementClient/0.9.0.0",
          "WindowsAzurePowershell/v0.8.1"
        ]
      },
      "ResponseBody": "<Profile xmlns=\"http://schemas.microsoft.com/windowsazure\" xmlns:i=\"http://www.w3.org/2001/XMLSchema-instance\">\r\n  <DomainName>scenarioTestProfile.trafficmanager.net</DomainName>\r\n  <Name>scenarioTestProfile</Name>\r\n  <Status>Enabled</Status>\r\n  <StatusDetails>\r\n    <EnabledVersion>1</EnabledVersion>\r\n  </StatusDetails>\r\n  <Definitions>\r\n    <Definition>\r\n      <Status>Enabled</Status>\r\n      <Version>1</Version>\r\n    </Definition>\r\n  </Definitions>\r\n</Profile>",
      "ResponseHeaders": {
        "x-ms-servedbyregion": [
          "ussouth2"
        ],
        "X-Content-Type-Options": [
          "nosniff"
        ],
        "x-ms-request-id": [
          "204215adcd4d9368aabb8c1851d5e9e1"
        ],
        "Cache-Control": [
          "no-cache"
        ],
        "Date": [
          "Wed, 07 May 2014 12:30:28 GMT"
        ],
        "Server": [
          "1.0.6198.70",
          "(rd_rdfe_stable.140426-2318)",
          "Microsoft-HTTPAPI/2.0"
        ],
        "X-AspNet-Version": [
          "4.0.30319"
        ],
        "X-Powered-By": [
          "ASP.NET"
        ]
      },
      "StatusCode": 200
    },
    {
      "RequestUri": "/db1ab6f0-4769-4b27-930e-01e2ef9c123c/services/WATM/profiles/scenarioTestProfile",
      "RequestMethod": "GET",
      "RequestBody": "",
      "RequestHeaders": {
        "x-ms-version": [
          "2011-10-01"
        ],
        "User-Agent": [
          "Microsoft.WindowsAzure.Management.TrafficManager.TrafficManagerManagementClient/0.9.0.0",
          "WindowsAzurePowershell/v0.8.1"
        ]
      },
      "ResponseBody": "<Profile xmlns=\"http://schemas.microsoft.com/windowsazure\" xmlns:i=\"http://www.w3.org/2001/XMLSchema-instance\">\r\n  <DomainName>scenarioTestProfile.trafficmanager.net</DomainName>\r\n  <Name>scenarioTestProfile</Name>\r\n  <Status>Enabled</Status>\r\n  <StatusDetails>\r\n    <EnabledVersion>1</EnabledVersion>\r\n  </StatusDetails>\r\n  <Definitions>\r\n    <Definition>\r\n      <Status>Enabled</Status>\r\n      <Version>1</Version>\r\n    </Definition>\r\n  </Definitions>\r\n</Profile>",
      "ResponseHeaders": {
        "x-ms-servedbyregion": [
          "ussouth2"
        ],
        "X-Content-Type-Options": [
          "nosniff"
        ],
        "x-ms-request-id": [
          "0492beca409a9002a317e29beebfbfa3"
        ],
        "Cache-Control": [
          "no-cache"
        ],
        "Date": [
          "Wed, 07 May 2014 12:30:29 GMT"
        ],
        "Server": [
          "1.0.6198.70",
          "(rd_rdfe_stable.140426-2318)",
          "Microsoft-HTTPAPI/2.0"
        ],
        "X-AspNet-Version": [
          "4.0.30319"
        ],
        "X-Powered-By": [
          "ASP.NET"
        ]
      },
      "StatusCode": 200
    },
    {
      "RequestUri": "/db1ab6f0-4769-4b27-930e-01e2ef9c123c/services/WATM/profiles/scenarioTestProfile/definitions/1",
      "RequestMethod": "GET",
      "RequestBody": "",
      "RequestHeaders": {
        "x-ms-version": [
          "2011-10-01"
        ],
        "User-Agent": [
          "Microsoft.WindowsAzure.Management.TrafficManager.TrafficManagerManagementClient/0.9.0.0",
          "WindowsAzurePowershell/v0.8.1"
        ]
      },
      "ResponseBody": "<Definition xmlns=\"http://schemas.microsoft.com/windowsazure\" xmlns:i=\"http://www.w3.org/2001/XMLSchema-instance\">\r\n  <DnsOptions>\r\n    <TimeToLiveInSeconds>300</TimeToLiveInSeconds>\r\n  </DnsOptions>\r\n  <Status>Enabled</Status>\r\n  <Version>1</Version>\r\n  <Monitors>\r\n    <Monitor>\r\n      <IntervalInSeconds>30</IntervalInSeconds>\r\n      <TimeoutInSeconds>10</TimeoutInSeconds>\r\n      <ToleratedNumberOfFailures>3</ToleratedNumberOfFailures>\r\n      <Protocol>HTTP</Protocol>\r\n      <Port>80</Port>\r\n      <HttpOptions>\r\n        <Verb>GET</Verb>\r\n        <RelativePath>/</RelativePath>\r\n        <ExpectedStatusCode>200</ExpectedStatusCode>\r\n      </HttpOptions>\r\n    </Monitor>\r\n  </Monitors>\r\n  <Policy>\r\n    <LoadBalancingMethod>RoundRobin</LoadBalancingMethod>\r\n    <Endpoints />\r\n    <MonitorStatus>Inactive</MonitorStatus>\r\n  </Policy>\r\n</Definition>",
      "ResponseHeaders": {
        "x-ms-servedbyregion": [
          "ussouth2"
        ],
        "X-Content-Type-Options": [
          "nosniff"
        ],
        "x-ms-request-id": [
          "c7892ff74b739b24908644dc8b90f514"
        ],
        "Cache-Control": [
          "no-cache"
        ],
        "Date": [
          "Wed, 07 May 2014 12:30:25 GMT"
        ],
        "Server": [
          "1.0.6198.70",
          "(rd_rdfe_stable.140426-2318)",
          "Microsoft-HTTPAPI/2.0"
        ],
        "X-AspNet-Version": [
          "4.0.30319"
        ],
        "X-Powered-By": [
          "ASP.NET"
        ]
      },
      "StatusCode": 200
    },
    {
      "RequestUri": "/db1ab6f0-4769-4b27-930e-01e2ef9c123c/services/WATM/profiles/scenarioTestProfile/definitions/1",
      "RequestMethod": "GET",
      "RequestBody": "",
      "RequestHeaders": {
        "x-ms-version": [
          "2011-10-01"
        ],
        "User-Agent": [
          "Microsoft.WindowsAzure.Management.TrafficManager.TrafficManagerManagementClient/0.9.0.0",
          "WindowsAzurePowershell/v0.8.1"
        ]
      },
      "ResponseBody": "<Definition xmlns=\"http://schemas.microsoft.com/windowsazure\" xmlns:i=\"http://www.w3.org/2001/XMLSchema-instance\">\r\n  <DnsOptions>\r\n    <TimeToLiveInSeconds>300</TimeToLiveInSeconds>\r\n  </DnsOptions>\r\n  <Status>Enabled</Status>\r\n  <Version>1</Version>\r\n  <Monitors>\r\n    <Monitor>\r\n      <IntervalInSeconds>30</IntervalInSeconds>\r\n      <TimeoutInSeconds>10</TimeoutInSeconds>\r\n      <ToleratedNumberOfFailures>3</ToleratedNumberOfFailures>\r\n      <Protocol>HTTP</Protocol>\r\n      <Port>80</Port>\r\n      <HttpOptions>\r\n        <Verb>GET</Verb>\r\n        <RelativePath>/</RelativePath>\r\n        <ExpectedStatusCode>200</ExpectedStatusCode>\r\n      </HttpOptions>\r\n    </Monitor>\r\n  </Monitors>\r\n  <Policy>\r\n    <LoadBalancingMethod>RoundRobin</LoadBalancingMethod>\r\n    <Endpoints>\r\n      <Endpoint>\r\n        <DomainName>www.microsoft.com</DomainName>\r\n        <Status>Enabled</Status>\r\n        <Type>Any</Type>\r\n        <MonitorStatus>CheckingEndpoint</MonitorStatus>\r\n      </Endpoint>\r\n    </Endpoints>\r\n    <MonitorStatus>CheckingEndpoints</MonitorStatus>\r\n  </Policy>\r\n</Definition>",
      "ResponseHeaders": {
        "x-ms-servedbyregion": [
          "ussouth2"
        ],
        "X-Content-Type-Options": [
          "nosniff"
        ],
        "x-ms-request-id": [
          "cc1052620a1091bd8fd80a14fb477d9f"
        ],
        "Cache-Control": [
          "no-cache"
        ],
        "Date": [
          "Wed, 07 May 2014 12:30:30 GMT"
        ],
        "Server": [
          "1.0.6198.70",
          "(rd_rdfe_stable.140426-2318)",
          "Microsoft-HTTPAPI/2.0"
        ],
        "X-AspNet-Version": [
          "4.0.30319"
        ],
        "X-Powered-By": [
          "ASP.NET"
        ]
      },
      "StatusCode": 200
    },
    {
      "RequestUri": "/db1ab6f0-4769-4b27-930e-01e2ef9c123c/services/WATM/profiles/scenarioTestProfile/definitions/1",
      "RequestMethod": "GET",
      "RequestBody": "",
      "RequestHeaders": {
        "x-ms-version": [
          "2011-10-01"
        ],
        "User-Agent": [
          "Microsoft.WindowsAzure.Management.TrafficManager.TrafficManagerManagementClient/0.9.0.0",
          "WindowsAzurePowershell/v0.8.1"
        ]
      },
      "ResponseBody": "<Definition xmlns=\"http://schemas.microsoft.com/windowsazure\" xmlns:i=\"http://www.w3.org/2001/XMLSchema-instance\">\r\n  <DnsOptions>\r\n    <TimeToLiveInSeconds>300</TimeToLiveInSeconds>\r\n  </DnsOptions>\r\n  <Status>Enabled</Status>\r\n  <Version>1</Version>\r\n  <Monitors>\r\n    <Monitor>\r\n      <IntervalInSeconds>30</IntervalInSeconds>\r\n      <TimeoutInSeconds>10</TimeoutInSeconds>\r\n      <ToleratedNumberOfFailures>3</ToleratedNumberOfFailures>\r\n      <Protocol>HTTP</Protocol>\r\n      <Port>80</Port>\r\n      <HttpOptions>\r\n        <Verb>GET</Verb>\r\n        <RelativePath>/</RelativePath>\r\n        <ExpectedStatusCode>200</ExpectedStatusCode>\r\n      </HttpOptions>\r\n    </Monitor>\r\n  </Monitors>\r\n  <Policy>\r\n    <LoadBalancingMethod>RoundRobin</LoadBalancingMethod>\r\n    <Endpoints />\r\n    <MonitorStatus>Inactive</MonitorStatus>\r\n  </Policy>\r\n</Definition>",
      "ResponseHeaders": {
        "x-ms-servedbyregion": [
          "ussouth2"
        ],
        "X-Content-Type-Options": [
          "nosniff"
        ],
        "x-ms-request-id": [
          "396631fde9b394a694f40a147c3627ae"
        ],
        "Cache-Control": [
          "no-cache"
        ],
        "Date": [
          "Wed, 07 May 2014 12:30:29 GMT"
        ],
        "Server": [
          "1.0.6198.70",
          "(rd_rdfe_stable.140426-2318)",
          "Microsoft-HTTPAPI/2.0"
        ],
        "X-AspNet-Version": [
          "4.0.30319"
        ],
        "X-Powered-By": [
          "ASP.NET"
        ]
      },
      "StatusCode": 200
    }
  ],
  "Names": {}
}
